// Jest Snapshot v1, https://goo.gl/fbAQLP

exports[`Forms Suite should match the login page snapshot 1`] = `
Object {
  "asFragment": [Function],
  "baseElement": <body>
    <div>
      <form
        class="ui error form"
      >
        <div
          class="field"
        >
          <label
            class="jsx-244508578"
            for="email"
          >
            Email
          </label>
          <input
            class="jsx-244508578"
            name="email"
            placeholder="test@test.com"
            type="text"
            value=""
          />
        </div>
        
        
        <div
          class="field"
        >
          <label
            class="jsx-244508578"
            for="password"
          >
            Password
          </label>
          <input
            class="jsx-244508578"
            name="password"
            type="text"
            value=""
          />
          <div
            class="jsx-244508578 subtext"
          />
          <div
            class="jsx-244508578 subtext"
          >
            <span
              class="jsx-244508578"
            >
              Don't have an account? 
            </span>
            <a
              class="jsx-244508578"
              href="/register"
            >
              Register here
            </a>
          </div>
        </div>
        <div
          class="jsx-244508578 submit-btn"
        >
          <button
            class="ui teal button ui button"
          >
            Sign In
          </button>
        </div>
      </form>
    </div>
  </body>,
  "container": <div>
    <form
      class="ui error form"
    >
      <div
        class="field"
      >
        <label
          class="jsx-244508578"
          for="email"
        >
          Email
        </label>
        <input
          class="jsx-244508578"
          name="email"
          placeholder="test@test.com"
          type="text"
          value=""
        />
      </div>
      
      
      <div
        class="field"
      >
        <label
          class="jsx-244508578"
          for="password"
        >
          Password
        </label>
        <input
          class="jsx-244508578"
          name="password"
          type="text"
          value=""
        />
        <div
          class="jsx-244508578 subtext"
        />
        <div
          class="jsx-244508578 subtext"
        >
          <span
            class="jsx-244508578"
          >
            Don't have an account? 
          </span>
          <a
            class="jsx-244508578"
            href="/register"
          >
            Register here
          </a>
        </div>
      </div>
      <div
        class="jsx-244508578 submit-btn"
      >
        <button
          class="ui teal button ui button"
        >
          Sign In
        </button>
      </div>
    </form>
  </div>,
  "debug": [Function],
  "findAllByAltText": [Function],
  "findAllByDisplayValue": [Function],
  "findAllByLabelText": [Function],
  "findAllByPlaceholderText": [Function],
  "findAllByRole": [Function],
  "findAllByTestId": [Function],
  "findAllByText": [Function],
  "findAllByTitle": [Function],
  "findByAltText": [Function],
  "findByDisplayValue": [Function],
  "findByLabelText": [Function],
  "findByPlaceholderText": [Function],
  "findByRole": [Function],
  "findByTestId": [Function],
  "findByText": [Function],
  "findByTitle": [Function],
  "getAllByAltText": [Function],
  "getAllByDisplayValue": [Function],
  "getAllByLabelText": [Function],
  "getAllByPlaceholderText": [Function],
  "getAllByRole": [Function],
  "getAllByTestId": [Function],
  "getAllByText": [Function],
  "getAllByTitle": [Function],
  "getByAltText": [Function],
  "getByDisplayValue": [Function],
  "getByLabelText": [Function],
  "getByPlaceholderText": [Function],
  "getByRole": [Function],
  "getByTestId": [Function],
  "getByText": [Function],
  "getByTitle": [Function],
  "queryAllByAltText": [Function],
  "queryAllByDisplayValue": [Function],
  "queryAllByLabelText": [Function],
  "queryAllByPlaceholderText": [Function],
  "queryAllByRole": [Function],
  "queryAllByTestId": [Function],
  "queryAllByText": [Function],
  "queryAllByTitle": [Function],
  "queryByAltText": [Function],
  "queryByDisplayValue": [Function],
  "queryByLabelText": [Function],
  "queryByPlaceholderText": [Function],
  "queryByRole": [Function],
  "queryByTestId": [Function],
  "queryByText": [Function],
  "queryByTitle": [Function],
  "rerender": [Function],
  "unmount": [Function],
}
`;
